// Jest Snapshot v1, https://goo.gl/fbAQLP

exports[`Component | Tracks should render a component 1`] = `
<div>
  <Title>
    Top Tracks
  </Title>
  <styled.div>
    <Track
      name="Empire State of Mind"
      previewUrl="https://p.scdn.co/mp3-preview/d7624ec5f93b6d92c1836a95c40ecce463584f6e?cid=774b29d4f13844c495f206cafdad9c86"
      releaseDate="2016-07-17"
    />
    <Track
      name="No one"
      previewUrl="https://p.scdn.co/mp3-preview/d7624ec5f93b6d92c1836a95c40ecce463584f6e?cid=774b29d4f13844c495f206cafdad9c86"
      releaseDate="2016-07-17"
    />
    <Track
      name="Girl on Fire"
      previewUrl="https://p.scdn.co/mp3-preview/d7624ec5f93b6d92c1836a95c40ecce463584f6e?cid=774b29d4f13844c495f206cafdad9c86"
      releaseDate="2016-07-17"
    />
    <Track
      name="Fallin'"
      previewUrl="https://p.scdn.co/mp3-preview/d7624ec5f93b6d92c1836a95c40ecce463584f6e?cid=774b29d4f13844c495f206cafdad9c86"
      releaseDate="2016-07-17"
    />
  </styled.div>
  <Button
    onClick={[Function]}
  >
    view more tracks
  </Button>
  <OnClickOutside(PopUpContainer)
    eventTypes={
      Array [
        "mousedown",
        "touchstart",
      ]
    }
    excludeScrollbar={false}
    isOpen={false}
    outsideClickIgnoreClass="ignore-react-onclickoutside"
    preventDefault={false}
    stopPropagation={false}
    togglePopUp={[Function]}
  >
    <div>
      <h1>
        Top Tracks list
      </h1>
      <p>
        description...
      </p>
    </div>
  </OnClickOutside(PopUpContainer)>
</div>
`;
