// Jest Snapshot v1, https://goo.gl/fbAQLP

exports[`Component | StyledFooter should render a styled component 1`] = `
<StyledComponent
  forwardedComponent={
    Object {
      "$$typeof": Symbol(react.forward_ref),
      "attrs": Array [],
      "componentStyle": ComponentStyle {
        "componentId": "sc-bdVaJa",
        "isStatic": false,
        "rules": Array [
          "
  color: ",
          [Function],
          ";
  font-size: 1.2rem;
  font-weight: 500;
  text-align: center;
  aÂ {
    color: ",
          [Function],
          ";
  }
",
        ],
      },
      "displayName": "styled.footer",
      "foldedComponentIds": Array [],
      "render": [Function],
      "styledComponentId": "sc-bdVaJa",
      "target": "footer",
      "toString": [Function],
      "warnTooManyClasses": [Function],
      "withComponent": [Function],
    }
  }
  forwardedRef={null}
/>
`;
