// Jest Snapshot v1, https://goo.gl/fbAQLP

exports[`Component | StyledArtist should render a component 1`] = `
<StyledComponent
  forwardedComponent={
    Object {
      "$$typeof": Symbol(react.forward_ref),
      "attrs": Array [],
      "componentStyle": ComponentStyle {
        "componentId": "sc-bdVaJa",
        "isStatic": true,
        "rules": Array [
          "
  display: grid;
  grid-template-columns: 40px 1fr;
  grid-gap: 20px;
  position: relative;
  h4 {
    align-self: center;
    font-weight: 500;
    margin: 0;
  }
  img {
    border-radius: 4px;
  }
  a {
    bottom: 0;
    left: 0;
    height: 100%;
    position: absolute;
    width: 100%;
    z-index: 1;
  }
",
        ],
      },
      "displayName": "styled.div",
      "foldedComponentIds": Array [],
      "render": [Function],
      "styledComponentId": "sc-bdVaJa",
      "target": "div",
      "toString": [Function],
      "warnTooManyClasses": [Function],
      "withComponent": [Function],
    }
  }
  forwardedRef={null}
/>
`;
