// Jest Snapshot v1, https://goo.gl/fbAQLP

exports[`Component | StyledHeader should render a styled component 1`] = `
<StyledComponent
  forwardedComponent={
    Object {
      "$$typeof": Symbol(react.forward_ref),
      "attrs": Array [],
      "componentStyle": ComponentStyle {
        "componentId": "sc-bdVaJa",
        "isStatic": false,
        "rules": Array [
          "
  background-color: ",
          [Function],
          ";
  display: grid;
  grid-template-columns: 1fr 1fr;
  padding: 10px 20px;
  @media only screen and (max-width: ",
          [Function],
          ") {
    grid-template-columns: 1fr;
  }    
  & > div {
    justify-self: end;
    margin: 0;
    max-width: 420px;
    @media only screen and (max-width: ",
          [Function],
          ") {
      justify-self: start;
      margin-top: 10px;
      padding: 0;
      max-width: 100%;
    }          
    & > div {
      top: 10px;
    }
    input {
      padding: 14px;
    }
  }
",
        ],
      },
      "displayName": "styled.div",
      "foldedComponentIds": Array [],
      "render": [Function],
      "styledComponentId": "sc-bdVaJa",
      "target": "div",
      "toString": [Function],
      "warnTooManyClasses": [Function],
      "withComponent": [Function],
    }
  }
  forwardedRef={null}
/>
`;
