// Jest Snapshot v1, https://goo.gl/fbAQLP

exports[`Component | StylesHeaderAlbum should render a styled component 1`] = `
<StyledComponent
  forwardedComponent={
    Object {
      "$$typeof": Symbol(react.forward_ref),
      "attrs": Array [],
      "componentStyle": ComponentStyle {
        "componentId": "sc-bdVaJa",
        "isStatic": false,
        "rules": Array [
          "
  margin: 30px 0;
  img {
    @media only screen and (max-width: ",
          [Function],
          ") {
      height: auto;
      max-width: 300px;
      width: 100%;
    }
  }
  h3 {
    color: ",
          [Function],
          ";
    font-size: 1.6rem;
    font-weight: 500;
    margin: 10px 0 4px;
  }
  p {
    color: ",
          [Function],
          ";
    font-size: 1.4rem;
    line-height: 1.6;
    margin: 0;
  }
",
        ],
      },
      "displayName": "styled.div",
      "foldedComponentIds": Array [],
      "render": [Function],
      "styledComponentId": "sc-bdVaJa",
      "target": "div",
      "toString": [Function],
      "warnTooManyClasses": [Function],
      "withComponent": [Function],
    }
  }
  forwardedRef={null}
/>
`;
