// Jest Snapshot v1, https://goo.gl/fbAQLP

exports[`Component | StyledSearchPage should render a styled component 1`] = `
<StyledComponent
  forwardedComponent={
    Object {
      "$$typeof": Symbol(react.forward_ref),
      "attrs": Array [],
      "componentStyle": ComponentStyle {
        "componentId": "sc-bdVaJa",
        "isStatic": false,
        "rules": Array [
          "
  background-image: linear-gradient(#3DC9C2, #3D4EC9);
  background-size: cover;
  background-position: center;
  color: white;
  height: 70vh;
  text-align: center;
  padding: 180px 0;
  width: 100%;
  @media only screen and (max-width: ",
          [Function],
          ") {
    padding: 80px 0;
  }
",
        ],
      },
      "displayName": "styled.div",
      "foldedComponentIds": Array [],
      "render": [Function],
      "styledComponentId": "sc-bdVaJa",
      "target": "div",
      "toString": [Function],
      "warnTooManyClasses": [Function],
      "withComponent": [Function],
    }
  }
  forwardedRef={null}
/>
`;
