// Jest Snapshot v1, https://goo.gl/fbAQLP

exports[`Component | SearchFormContainer should render a component 1`] = `
<SearchForm
  onChange={[Function]}
/>
`;
