// Jest Snapshot v1, https://goo.gl/fbAQLP

exports[`Component | LoadingMessage should render a component 1`] = `
<styled.div>
  loading
</styled.div>
`;

exports[`Component | LoadingMessage should render null because isOpen is false 1`] = `""`;
