// Jest Snapshot v1, https://goo.gl/fbAQLP

exports[`Component | StyledContainerRelatedArtists should render a styled component 1`] = `
<styled.div>
  <styled.div />
</styled.div>
`;
