// Jest Snapshot v1, https://goo.gl/fbAQLP

exports[`Component | Title should render a component 1`] = `
<styled.h2
  color="white"
>
  Albums
</styled.h2>
`;
