// Jest Snapshot v1, https://goo.gl/fbAQLP

exports[`Component | ArtistPage should render a component 1`] = `
<styled.div>
  <Header />
  <Banner />
  <Component>
    <Albums />
    <div>
      tracks
    </div>
  </Component>
</styled.div>
`;
