// Jest Snapshot v1, https://goo.gl/fbAQLP

exports[`Component | StyledContainerAlbumsAndTopTracks should render a styled component 1`] = `
<styled.div>
  <styled.div />
</styled.div>
`;
